npm warn Unknown global config "always-auth". This will stop working in the next major version of npm. See `npm help npmrc` for supported config options.

> frontend@0.0.0 dev
> vite --host 127.0.0.1 --port 5174

(node:32736) [DEP0205] DeprecationWarning: `module.register()` is deprecated. Use `module.registerHooks()` instead.
(Use `node --trace-deprecation ...` to show where the warning was created)

  VITE v7.3.3  ready in 571 ms

  ➜  Local:   http://127.0.0.1:5174/
  ➜  press h + enter to show help
[tanstack-router] These exports from "C:/Users/AXU6WX/Documents/pdecr-template/frontend/src/routes/_layout.tsx" will not be code-split and will increase your bundle size:
- Layout
For the best optimization, these items should either have their export statements removed, or be imported from another location that is not a route file.
4:09:29 PM [vite] (client) hmr update /src/routes/login.tsx, /src/index.css
4:09:43 PM [vite] (client) hmr update /src/routes/login.tsx, /src/index.css
4:11:09 PM [vite] (client) hmr update /src/routes/login.tsx, /src/index.css
npm error Lifecycle script `dev` failed with error:
npm error code 4294967295
npm error path C:\Users\AXU6WX\Documents\pdecr-template\frontend
npm error workspace frontend@0.0.0
npm error location C:\Users\AXU6WX\Documents\pdecr-template\frontend
npm error command failed
npm error command C:\WINDOWS\system32\cmd.exe /d /s /c vite --host 127.0.0.1 --port 5174
